// Jest Snapshot v1, https://goo.gl/fbAQLP

exports[`PersonSkillsTable matches snapshot 1`] = `
<table
  className="ui striped selectable definition table"
>
  <thead>
    <tr
      className="sticky"
    >
      <th />
      <th>
        React
      </th>
      <th>
        Jest
      </th>
    </tr>
  </thead>
  <tbody>
    <tr
      onClick={[Function]}
    >
      <th
        className="person-name"
      >
        <div
          className="first-name"
        >
          Laszlo
        </div>
        <div
          className="right aligned last-name"
        >
          Toth
        </div>
      </th>
      <td
        className="center aligned"
      >
        <div
          className="compact my-rating"
        >
          <i
            className="tiny empty star icon"
            style={
              Object {
                "color": "transparent",
              }
            }
          />
        </div>
        <div
          className="compact my-rating"
        >
          <i
            className="tiny empty star icon"
            style={
              Object {
                "color": "transparent",
              }
            }
          />
        </div>
      </td>
      <td
        className="center aligned"
      >
        <div
          className="compact my-rating"
        >
          <i
            className="tiny empty star icon"
            style={
              Object {
                "color": "transparent",
              }
            }
          />
        </div>
        <div
          className="compact my-rating"
        >
          <i
            className="tiny empty star icon"
            style={
              Object {
                "color": "transparent",
              }
            }
          />
        </div>
      </td>
    </tr>
  </tbody>
</table>
`;
